../Core/Src/main.c:70:5:main	8	static
../Core/Src/main.c:115:6:SystemClock_Config	72	static
../Core/Src/main.c:154:13:MX_TIM2_Init	64	static
../Core/Src/main.c:226:13:MX_USART2_UART_Init	8	static
../Core/Src/main.c:259:13:MX_GPIO_Init	40	static
../Core/Src/main.c:323:6:HAL_GPIO_EXTI_Callback	48	static
../Core/Src/main.c:355:6:HAL_TIM_PeriodElapsedCallback	16	static
../Core/Src/main.c:360:6:HAL_TIM_OC_DelayElapsedCallback	16	static
../Core/Src/main.c:374:6:Error_Handler	4	static,ignoring_inline_asm
