11:01:12 **** Incremental Build of configuration Debug for project LED ****
make -j8 all 
arm-none-eabi-size   LED.elf 
   text	   data	    bss	    dec	    hex	filename
   5584	     20	   1636	   7240	   1c48	LED.elf
Finished building: default.size.stdout
 
11:11:20 **** Incremental Build of configuration Debug for project LED ****
make -j8 all 
arm-none-eabi-gcc "../Core/Src/main.c" -mcpu=cortex-m3 -std=gnu11 -g3 -DDEBUG -DUSE_HAL_DRIVER -DSTM32F103xB -c -I../Core/Inc -I../Drivers/STM32F1xx_HAL_Driver/Inc -I../Drivers/STM32F1xx_HAL_Driver/Inc/Legacy -I../Drivers/CMSIS/Device/ST/STM32F1xx/Include -I../Drivers/CMSIS/Include -O0 -ffunction-sections -fdata-sections -Wall -fstack-usage -MMD -MP -MF"Core/Src/main.d" -MT"Core/Src/main.o" --specs=nano.specs -mfloat-abi=soft -mthumb -o "Core/Src/main.o"
arm-none-eabi-gcc -o "LED.elf" @"objects.list"   -mcpu=cortex-m3 -T"C:\Users\KCCI28\STM32CubeIDE\workspace_1.9.0\LED\STM32F103RBTX_FLASH.ld" --specs=nosys.specs -Wl,-Map="LED.map" -Wl,--gc-sections -static --specs=nano.specs -mfloat-abi=soft -mthumb -Wl,--start-group -lc -lm -Wl,--end-group
Finished building target: LED.elf
 
arm-none-eabi-size   LED.elf 
arm-none-eabi-objdump -h -S  LED.elf  > "LED.list"
   text	   data	    bss	    dec	    hex	filename
   5748	     20	   1636	   7404	   1cec	LED.elf
Finished building: default.size.stdout
 
Finished building: LED.list
 
